#! /Users/leonadomaitis/oss-cad-suite/bin/vvp
:ivl_version "13.0 (devel)" "(s20251012-33-ga7502173d)";
:ivl_delay_selection "TYPICAL";
:vpi_time_precision + 0;
:vpi_module "/Users/leonadomaitis/oss-cad-suite/lib/ivl/system.vpi";
:vpi_module "/Users/leonadomaitis/oss-cad-suite/lib/ivl/vhdl_sys.vpi";
:vpi_module "/Users/leonadomaitis/oss-cad-suite/lib/ivl/vhdl_textio.vpi";
:vpi_module "/Users/leonadomaitis/oss-cad-suite/lib/ivl/v2005_math.vpi";
:vpi_module "/Users/leonadomaitis/oss-cad-suite/lib/ivl/va_math.vpi";
S_0x1031d4c00 .scope module, "controller" "controller" 2 1;
 .timescale 0 0;
    .port_info 0 /INPUT 7 "op";
    .port_info 1 /INPUT 3 "funct3";
    .port_info 2 /INPUT 1 "funct7b5";
    .port_info 3 /INPUT 1 "zero";
    .port_info 4 /OUTPUT 2 "resultsrc";
    .port_info 5 /OUTPUT 1 "memwrite";
    .port_info 6 /OUTPUT 1 "pcsrc";
    .port_info 7 /OUTPUT 1 "alusrc";
    .port_info 8 /OUTPUT 1 "regwrite";
    .port_info 9 /OUTPUT 3 "immsrc";
    .port_info 10 /OUTPUT 4 "alucontrol";
o0x92c820580 .functor BUFZ 1, c4<z>; HiZ drive
L_0x92cc56450 .functor AND 1, v0x1031dfb80_0, o0x92c820580, C4<1>, C4<1>;
L_0x92cc564c0 .functor OR 1, L_0x92cc56450, v0x1031dfcc0_0, C4<0>, C4<0>;
v0x92d048280_0 .net *"_ivl_2", 0 0, L_0x92cc56450;  1 drivers
v0x92d048320_0 .net "alucontrol", 3 0, v0x1031dae40_0;  1 drivers
v0x92d0483c0_0 .net "aluop", 1 0, v0x1031dfa40_0;  1 drivers
v0x92d048460_0 .net "alusrc", 0 0, v0x1031dfae0_0;  1 drivers
v0x92d048500_0 .net "branch", 0 0, v0x1031dfb80_0;  1 drivers
o0x92c820070 .functor BUFZ 3, c4<zzz>; HiZ drive
v0x92d0485a0_0 .net "funct3", 2 0, o0x92c820070;  0 drivers
o0x92c8200a0 .functor BUFZ 1, c4<z>; HiZ drive
v0x92d048640_0 .net "funct7b5", 0 0, o0x92c8200a0;  0 drivers
v0x92d0486e0_0 .net "immsrc", 2 0, v0x1031dfc20_0;  1 drivers
v0x92d048780_0 .net "jump", 0 0, v0x1031dfcc0_0;  1 drivers
v0x92d048820_0 .net "memwrite", 0 0, v0x92d048000_0;  1 drivers
o0x92c8202e0 .functor BUFZ 7, c4<zzzzzzz>; HiZ drive
v0x92d0488c0_0 .net "op", 6 0, o0x92c8202e0;  0 drivers
v0x92d048960_0 .net "pcsrc", 0 0, L_0x92cc564c0;  1 drivers
v0x92d048a00_0 .net "regwrite", 0 0, v0x92d048140_0;  1 drivers
v0x92d048aa0_0 .net "resultsrc", 1 0, v0x92d0481e0_0;  1 drivers
v0x92d048b40_0 .net "zero", 0 0, o0x92c820580;  0 drivers
L_0x1031dfdc0 .part o0x92c8202e0, 5, 1;
S_0x1031dacc0 .scope module, "ad" "alu_decoder" 2 31, 2 170 0, S_0x1031d4c00;
 .timescale 0 0;
    .port_info 0 /INPUT 1 "opb5";
    .port_info 1 /INPUT 3 "funct3";
    .port_info 2 /INPUT 1 "funct7b5";
    .port_info 3 /INPUT 2 "aluop";
    .port_info 4 /OUTPUT 4 "alucontrol";
v0x1031dae40_0 .var "alucontrol", 3 0;
v0x1031daee0_0 .net "aluop", 1 0, v0x1031dfa40_0;  alias, 1 drivers
v0x1031df5a0_0 .net "funct3", 2 0, o0x92c820070;  alias, 0 drivers
v0x1031df640_0 .net "funct7b5", 0 0, o0x92c8200a0;  alias, 0 drivers
v0x1031df6e0_0 .net "opb5", 0 0, L_0x1031dfdc0;  1 drivers
E_0x1031d8450 .event anyedge, v0x1031daee0_0, v0x1031df6e0_0, v0x1031df5a0_0, v0x1031df640_0;
S_0x1031df780 .scope module, "md" "main_decoder" 2 19, 2 43 0, S_0x1031d4c00;
 .timescale 0 0;
    .port_info 0 /INPUT 7 "op";
    .port_info 1 /OUTPUT 2 "resultsrc";
    .port_info 2 /OUTPUT 1 "memwrite";
    .port_info 3 /OUTPUT 1 "branch";
    .port_info 4 /OUTPUT 1 "alusrc";
    .port_info 5 /OUTPUT 1 "regwrite";
    .port_info 6 /OUTPUT 1 "jump";
    .port_info 7 /OUTPUT 3 "immsrc";
    .port_info 8 /OUTPUT 2 "aluop";
v0x1031dfa40_0 .var "aluop", 1 0;
v0x1031dfae0_0 .var "alusrc", 0 0;
v0x1031dfb80_0 .var "branch", 0 0;
v0x1031dfc20_0 .var "immsrc", 2 0;
v0x1031dfcc0_0 .var "jump", 0 0;
v0x92d048000_0 .var "memwrite", 0 0;
v0x92d0480a0_0 .net "op", 6 0, o0x92c8202e0;  alias, 0 drivers
v0x92d048140_0 .var "regwrite", 0 0;
v0x92d0481e0_0 .var "resultsrc", 1 0;
E_0x1031d7e40 .event anyedge, v0x92d0480a0_0;
    .scope S_0x1031df780;
T_0 ;
    %wait E_0x1031d7e40;
    %load/vec4 v0x92d0480a0_0;
    %dup/vec4;
    %pushi/vec4 3, 0, 7;
    %cmp/u;
    %jmp/1 T_0.0, 6;
    %dup/vec4;
    %pushi/vec4 35, 0, 7;
    %cmp/u;
    %jmp/1 T_0.1, 6;
    %dup/vec4;
    %pushi/vec4 51, 0, 7;
    %cmp/u;
    %jmp/1 T_0.2, 6;
    %dup/vec4;
    %pushi/vec4 99, 0, 7;
    %cmp/u;
    %jmp/1 T_0.3, 6;
    %dup/vec4;
    %pushi/vec4 99, 0, 7;
    %cmp/u;
    %jmp/1 T_0.4, 6;
    %dup/vec4;
    %pushi/vec4 19, 0, 7;
    %cmp/u;
    %jmp/1 T_0.5, 6;
    %dup/vec4;
    %pushi/vec4 111, 0, 7;
    %cmp/u;
    %jmp/1 T_0.6, 6;
    %dup/vec4;
    %pushi/vec4 55, 0, 7;
    %cmp/u;
    %jmp/1 T_0.7, 6;
    %pushi/vec4 0, 0, 1;
    %store/vec4 v0x92d048140_0, 0, 1;
    %pushi/vec4 7, 7, 3;
    %store/vec4 v0x1031dfc20_0, 0, 3;
    %pushi/vec4 0, 0, 1;
    %store/vec4 v0x1031dfae0_0, 0, 1;
    %pushi/vec4 0, 0, 1;
    %store/vec4 v0x92d048000_0, 0, 1;
    %pushi/vec4 3, 3, 2;
    %store/vec4 v0x92d0481e0_0, 0, 2;
    %pushi/vec4 0, 0, 1;
    %store/vec4 v0x1031dfb80_0, 0, 1;
    %pushi/vec4 3, 3, 2;
    %store/vec4 v0x1031dfa40_0, 0, 2;
    %pushi/vec4 0, 0, 1;
    %store/vec4 v0x1031dfcc0_0, 0, 1;
    %jmp T_0.9;
T_0.0 ;
    %pushi/vec4 1, 0, 1;
    %store/vec4 v0x92d048140_0, 0, 1;
    %pushi/vec4 0, 0, 3;
    %store/vec4 v0x1031dfc20_0, 0, 3;
    %pushi/vec4 1, 0, 1;
    %store/vec4 v0x1031dfae0_0, 0, 1;
    %pushi/vec4 0, 0, 1;
    %store/vec4 v0x92d048000_0, 0, 1;
    %pushi/vec4 1, 0, 2;
    %store/vec4 v0x92d0481e0_0, 0, 2;
    %pushi/vec4 0, 0, 1;
    %store/vec4 v0x1031dfb80_0, 0, 1;
    %pushi/vec4 0, 0, 2;
    %store/vec4 v0x1031dfa40_0, 0, 2;
    %pushi/vec4 0, 0, 1;
    %store/vec4 v0x1031dfcc0_0, 0, 1;
    %jmp T_0.9;
T_0.1 ;
    %pushi/vec4 0, 0, 1;
    %store/vec4 v0x92d048140_0, 0, 1;
    %pushi/vec4 1, 0, 3;
    %store/vec4 v0x1031dfc20_0, 0, 3;
    %pushi/vec4 1, 0, 1;
    %store/vec4 v0x1031dfae0_0, 0, 1;
    %pushi/vec4 1, 0, 1;
    %store/vec4 v0x92d048000_0, 0, 1;
    %pushi/vec4 3, 3, 2;
    %store/vec4 v0x92d0481e0_0, 0, 2;
    %pushi/vec4 0, 0, 1;
    %store/vec4 v0x1031dfb80_0, 0, 1;
    %pushi/vec4 0, 0, 2;
    %store/vec4 v0x1031dfa40_0, 0, 2;
    %pushi/vec4 0, 0, 1;
    %store/vec4 v0x1031dfcc0_0, 0, 1;
    %jmp T_0.9;
T_0.2 ;
    %pushi/vec4 1, 0, 1;
    %store/vec4 v0x92d048140_0, 0, 1;
    %pushi/vec4 3, 3, 3;
    %store/vec4 v0x1031dfc20_0, 0, 3;
    %pushi/vec4 0, 0, 1;
    %store/vec4 v0x1031dfae0_0, 0, 1;
    %pushi/vec4 0, 0, 1;
    %store/vec4 v0x92d048000_0, 0, 1;
    %pushi/vec4 0, 0, 2;
    %store/vec4 v0x92d0481e0_0, 0, 2;
    %pushi/vec4 0, 0, 1;
    %store/vec4 v0x1031dfb80_0, 0, 1;
    %pushi/vec4 1, 0, 2;
    %store/vec4 v0x1031dfa40_0, 0, 2;
    %pushi/vec4 0, 0, 1;
    %store/vec4 v0x1031dfcc0_0, 0, 1;
    %jmp T_0.9;
T_0.3 ;
    %pushi/vec4 0, 0, 1;
    %store/vec4 v0x92d048140_0, 0, 1;
    %pushi/vec4 2, 0, 3;
    %store/vec4 v0x1031dfc20_0, 0, 3;
    %pushi/vec4 0, 0, 1;
    %store/vec4 v0x1031dfae0_0, 0, 1;
    %pushi/vec4 0, 0, 1;
    %store/vec4 v0x92d048000_0, 0, 1;
    %pushi/vec4 3, 3, 2;
    %store/vec4 v0x92d0481e0_0, 0, 2;
    %pushi/vec4 1, 0, 1;
    %store/vec4 v0x1031dfb80_0, 0, 1;
    %pushi/vec4 1, 0, 2;
    %store/vec4 v0x1031dfa40_0, 0, 2;
    %pushi/vec4 0, 0, 1;
    %store/vec4 v0x1031dfcc0_0, 0, 1;
    %jmp T_0.9;
T_0.4 ;
    %pushi/vec4 0, 0, 1;
    %store/vec4 v0x92d048140_0, 0, 1;
    %pushi/vec4 2, 0, 3;
    %store/vec4 v0x1031dfc20_0, 0, 3;
    %pushi/vec4 0, 0, 1;
    %store/vec4 v0x1031dfae0_0, 0, 1;
    %pushi/vec4 0, 0, 1;
    %store/vec4 v0x92d048000_0, 0, 1;
    %pushi/vec4 3, 3, 2;
    %store/vec4 v0x92d0481e0_0, 0, 2;
    %pushi/vec4 1, 0, 1;
    %store/vec4 v0x1031dfb80_0, 0, 1;
    %pushi/vec4 3, 0, 2;
    %store/vec4 v0x1031dfa40_0, 0, 2;
    %pushi/vec4 0, 0, 1;
    %store/vec4 v0x1031dfcc0_0, 0, 1;
    %jmp T_0.9;
T_0.5 ;
    %pushi/vec4 1, 0, 1;
    %store/vec4 v0x92d048140_0, 0, 1;
    %pushi/vec4 0, 0, 3;
    %store/vec4 v0x1031dfc20_0, 0, 3;
    %pushi/vec4 1, 0, 1;
    %store/vec4 v0x1031dfae0_0, 0, 1;
    %pushi/vec4 0, 0, 1;
    %store/vec4 v0x92d048000_0, 0, 1;
    %pushi/vec4 0, 0, 2;
    %store/vec4 v0x92d0481e0_0, 0, 2;
    %pushi/vec4 0, 0, 1;
    %store/vec4 v0x1031dfb80_0, 0, 1;
    %pushi/vec4 2, 0, 2;
    %store/vec4 v0x1031dfa40_0, 0, 2;
    %pushi/vec4 0, 0, 1;
    %store/vec4 v0x1031dfcc0_0, 0, 1;
    %jmp T_0.9;
T_0.6 ;
    %pushi/vec4 1, 0, 1;
    %store/vec4 v0x92d048140_0, 0, 1;
    %pushi/vec4 3, 0, 3;
    %store/vec4 v0x1031dfc20_0, 0, 3;
    %pushi/vec4 1, 1, 1;
    %store/vec4 v0x1031dfae0_0, 0, 1;
    %pushi/vec4 0, 0, 1;
    %store/vec4 v0x92d048000_0, 0, 1;
    %pushi/vec4 2, 0, 2;
    %store/vec4 v0x92d0481e0_0, 0, 2;
    %pushi/vec4 0, 0, 1;
    %store/vec4 v0x1031dfb80_0, 0, 1;
    %pushi/vec4 3, 3, 2;
    %store/vec4 v0x1031dfa40_0, 0, 2;
    %pushi/vec4 1, 0, 1;
    %store/vec4 v0x1031dfcc0_0, 0, 1;
    %jmp T_0.9;
T_0.7 ;
    %pushi/vec4 1, 0, 1;
    %store/vec4 v0x92d048140_0, 0, 1;
    %pushi/vec4 4, 0, 3;
    %store/vec4 v0x1031dfc20_0, 0, 3;
    %pushi/vec4 1, 0, 1;
    %store/vec4 v0x1031dfae0_0, 0, 1;
    %pushi/vec4 0, 0, 1;
    %store/vec4 v0x92d048000_0, 0, 1;
    %pushi/vec4 0, 0, 2;
    %store/vec4 v0x92d0481e0_0, 0, 2;
    %pushi/vec4 0, 0, 1;
    %store/vec4 v0x1031dfb80_0, 0, 1;
    %pushi/vec4 3, 0, 2;
    %store/vec4 v0x1031dfa40_0, 0, 2;
    %pushi/vec4 0, 0, 1;
    %store/vec4 v0x1031dfcc0_0, 0, 1;
    %jmp T_0.9;
T_0.9 ;
    %pop/vec4 1;
    %jmp T_0;
    .thread T_0, $push;
    .scope S_0x1031dacc0;
T_1 ;
    %wait E_0x1031d8450;
    %load/vec4 v0x1031daee0_0;
    %dup/vec4;
    %pushi/vec4 0, 0, 2;
    %cmp/u;
    %jmp/1 T_1.0, 6;
    %dup/vec4;
    %pushi/vec4 3, 0, 2;
    %cmp/u;
    %jmp/1 T_1.1, 6;
    %dup/vec4;
    %pushi/vec4 1, 0, 2;
    %cmp/u;
    %jmp/1 T_1.2, 6;
    %dup/vec4;
    %pushi/vec4 2, 0, 2;
    %cmp/u;
    %jmp/1 T_1.3, 6;
    %pushi/vec4 15, 15, 4;
    %store/vec4 v0x1031dae40_0, 0, 4;
    %jmp T_1.5;
T_1.0 ;
    %pushi/vec4 0, 0, 4;
    %store/vec4 v0x1031dae40_0, 0, 4;
    %jmp T_1.5;
T_1.1 ;
    %load/vec4 v0x1031df6e0_0;
    %flag_set/vec4 8;
    %jmp/0xz  T_1.6, 8;
    %pushi/vec4 10, 0, 4;
    %store/vec4 v0x1031dae40_0, 0, 4;
    %jmp T_1.7;
T_1.6 ;
    %pushi/vec4 1, 0, 4;
    %store/vec4 v0x1031dae40_0, 0, 4;
T_1.7 ;
    %jmp T_1.5;
T_1.2 ;
    %load/vec4 v0x1031df5a0_0;
    %dup/vec4;
    %pushi/vec4 0, 0, 3;
    %cmp/u;
    %jmp/1 T_1.8, 6;
    %dup/vec4;
    %pushi/vec4 1, 0, 3;
    %cmp/u;
    %jmp/1 T_1.9, 6;
    %dup/vec4;
    %pushi/vec4 2, 0, 3;
    %cmp/u;
    %jmp/1 T_1.10, 6;
    %dup/vec4;
    %pushi/vec4 3, 0, 3;
    %cmp/u;
    %jmp/1 T_1.11, 6;
    %dup/vec4;
    %pushi/vec4 4, 0, 3;
    %cmp/u;
    %jmp/1 T_1.12, 6;
    %dup/vec4;
    %pushi/vec4 5, 0, 3;
    %cmp/u;
    %jmp/1 T_1.13, 6;
    %dup/vec4;
    %pushi/vec4 6, 0, 3;
    %cmp/u;
    %jmp/1 T_1.14, 6;
    %dup/vec4;
    %pushi/vec4 7, 0, 3;
    %cmp/u;
    %jmp/1 T_1.15, 6;
    %pushi/vec4 15, 15, 4;
    %store/vec4 v0x1031dae40_0, 0, 4;
    %jmp T_1.17;
T_1.8 ;
    %load/vec4 v0x1031df640_0;
    %flag_set/vec4 8;
    %jmp/0xz  T_1.18, 8;
    %pushi/vec4 1, 0, 4;
    %store/vec4 v0x1031dae40_0, 0, 4;
    %jmp T_1.19;
T_1.18 ;
    %pushi/vec4 0, 0, 4;
    %store/vec4 v0x1031dae40_0, 0, 4;
T_1.19 ;
    %jmp T_1.17;
T_1.9 ;
    %pushi/vec4 6, 0, 4;
    %store/vec4 v0x1031dae40_0, 0, 4;
    %jmp T_1.17;
T_1.10 ;
    %pushi/vec4 5, 0, 4;
    %store/vec4 v0x1031dae40_0, 0, 4;
    %jmp T_1.17;
T_1.11 ;
    %pushi/vec4 9, 0, 4;
    %store/vec4 v0x1031dae40_0, 0, 4;
    %jmp T_1.17;
T_1.12 ;
    %pushi/vec4 4, 0, 4;
    %store/vec4 v0x1031dae40_0, 0, 4;
    %jmp T_1.17;
T_1.13 ;
    %load/vec4 v0x1031df640_0;
    %flag_set/vec4 8;
    %jmp/0xz  T_1.20, 8;
    %pushi/vec4 8, 0, 4;
    %store/vec4 v0x1031dae40_0, 0, 4;
    %jmp T_1.21;
T_1.20 ;
    %pushi/vec4 7, 0, 4;
    %store/vec4 v0x1031dae40_0, 0, 4;
T_1.21 ;
    %jmp T_1.17;
T_1.14 ;
    %pushi/vec4 3, 0, 4;
    %store/vec4 v0x1031dae40_0, 0, 4;
    %jmp T_1.17;
T_1.15 ;
    %pushi/vec4 2, 0, 4;
    %store/vec4 v0x1031dae40_0, 0, 4;
    %jmp T_1.17;
T_1.17 ;
    %pop/vec4 1;
    %jmp T_1.5;
T_1.3 ;
    %load/vec4 v0x1031df5a0_0;
    %dup/vec4;
    %pushi/vec4 0, 0, 3;
    %cmp/u;
    %jmp/1 T_1.22, 6;
    %dup/vec4;
    %pushi/vec4 1, 0, 3;
    %cmp/u;
    %jmp/1 T_1.23, 6;
    %dup/vec4;
    %pushi/vec4 2, 0, 3;
    %cmp/u;
    %jmp/1 T_1.24, 6;
    %dup/vec4;
    %pushi/vec4 3, 0, 3;
    %cmp/u;
    %jmp/1 T_1.25, 6;
    %dup/vec4;
    %pushi/vec4 4, 0, 3;
    %cmp/u;
    %jmp/1 T_1.26, 6;
    %dup/vec4;
    %pushi/vec4 5, 0, 3;
    %cmp/u;
    %jmp/1 T_1.27, 6;
    %dup/vec4;
    %pushi/vec4 6, 0, 3;
    %cmp/u;
    %jmp/1 T_1.28, 6;
    %dup/vec4;
    %pushi/vec4 7, 0, 3;
    %cmp/u;
    %jmp/1 T_1.29, 6;
    %pushi/vec4 15, 15, 4;
    %store/vec4 v0x1031dae40_0, 0, 4;
    %jmp T_1.31;
T_1.22 ;
    %pushi/vec4 0, 0, 4;
    %store/vec4 v0x1031dae40_0, 0, 4;
    %jmp T_1.31;
T_1.23 ;
    %pushi/vec4 6, 0, 4;
    %store/vec4 v0x1031dae40_0, 0, 4;
    %jmp T_1.31;
T_1.24 ;
    %pushi/vec4 5, 0, 4;
    %store/vec4 v0x1031dae40_0, 0, 4;
    %jmp T_1.31;
T_1.25 ;
    %pushi/vec4 9, 0, 4;
    %store/vec4 v0x1031dae40_0, 0, 4;
    %jmp T_1.31;
T_1.26 ;
    %pushi/vec4 4, 0, 4;
    %store/vec4 v0x1031dae40_0, 0, 4;
    %jmp T_1.31;
T_1.27 ;
    %load/vec4 v0x1031df640_0;
    %flag_set/vec4 8;
    %jmp/0xz  T_1.32, 8;
    %pushi/vec4 8, 0, 4;
    %store/vec4 v0x1031dae40_0, 0, 4;
    %jmp T_1.33;
T_1.32 ;
    %pushi/vec4 7, 0, 4;
    %store/vec4 v0x1031dae40_0, 0, 4;
T_1.33 ;
    %jmp T_1.31;
T_1.28 ;
    %pushi/vec4 3, 0, 4;
    %store/vec4 v0x1031dae40_0, 0, 4;
    %jmp T_1.31;
T_1.29 ;
    %pushi/vec4 2, 0, 4;
    %store/vec4 v0x1031dae40_0, 0, 4;
    %jmp T_1.31;
T_1.31 ;
    %pop/vec4 1;
    %jmp T_1.5;
T_1.5 ;
    %pop/vec4 1;
    %jmp T_1;
    .thread T_1, $push;
# The file index is used to find the file name in the following table.
:file_names 3;
    "N/A";
    "<interactive>";
    "/Users/leonadomaitis/tum/hdl/TUM-HDL-RISCV/src/controller.v";
